2018-08-01 12:02:37.503  INFO 8948 --- [main] c.t.springboot.springboot.Application    : Starting Application on ca-PC with PID 8948 (F:\idea\02-springboot-web\target\classes started by ca in F:\idea\02-springboot-web)
2018-08-01 12:02:37.508  INFO 8948 --- [main] c.t.springboot.springboot.Application    : The following profiles are active: dev
2018-08-01 12:02:37.728  INFO 8948 --- [main] ConfigServletWebServerApplicationContext : Refreshing org.springframework.boot.web.servlet.context.AnnotationConfigServletWebServerApplicationContext@34a3d150: startup date [Wed Aug 01 12:02:37 CST 2018]; root of context hierarchy
2018-08-01 12:02:38.925  INFO 8948 --- [main] o.s.b.w.embedded.tomcat.TomcatWebServer  : Tomcat initialized with port(s): 8081 (http)
2018-08-01 12:02:38.950  INFO 8948 --- [main] o.apache.catalina.core.StandardService   : Starting service [Tomcat]
2018-08-01 12:02:38.951  INFO 8948 --- [main] org.apache.catalina.core.StandardEngine  : Starting Servlet Engine: Apache Tomcat/8.5.31
2018-08-01 12:02:38.967  INFO 8948 --- [localhost-startStop-1] o.a.catalina.core.AprLifecycleListener   : The APR based Apache Tomcat Native library which allows optimal performance in production environments was not found on the java.library.path: [H:\erwin\jdk\jdk1.8\bin;C:\Windows\Sun\Java\bin;C:\Windows\system32;C:\Windows;H:\erwin\jdk\jdk1.8\bin;H:\erwin\jdk\jdk1.8\jre\bin;F:\Oracle\app\ca\product\11.2.0\dbhome_3\bin;C:\ProgramData\Oracle\Java\javapath;C:\Windows\system32;C:\Windows;C:\Windows\System32\Wbem;C:\Windows\System32\WindowsPowerShell\v1.0\;C:\Program Files\Microsoft SQL Server\110\Tools\Binn\;C:\Program Files (x86)\NVIDIA Corporation\PhysX\Common;F:\SDK\platform-tools;F:\SDK\tools;%JBOSS_HOME%\bin;C:\Program Files\Lenovo\Bluetooth Software\;C:\Program Files\Lenovo\Bluetooth Software\syswow64;C:\Users\ca\Desktop\rose_iso\common;F:\MongoDB\bin;F:\Maven\apache-maven-3.3.9\bin;F:\svn Server\bin;F:\TortoiseSVN\bin;C:\Program Files (x86)\Skype\Phone\;F:\appserv\Apache2.2\bin;F:\appserv\php5;F:\appserv\MySQL\bin;.]
2018-08-01 12:02:39.213  INFO 8948 --- [localhost-startStop-1] org.apache.jasper.servlet.TldScanner     : At least one JAR was scanned for TLDs yet contained no TLDs. Enable debug logging for this logger for a complete list of JARs that were scanned but no TLDs were found in them. Skipping unneeded JARs during scanning can improve startup time and JSP compilation time.
2018-08-01 12:02:39.217  INFO 8948 --- [localhost-startStop-1] o.a.c.c.C.[Tomcat].[localhost].[/test]   : Initializing Spring embedded WebApplicationContext
2018-08-01 12:02:39.218  INFO 8948 --- [localhost-startStop-1] o.s.web.context.ContextLoader            : Root WebApplicationContext: initialization completed in 1490 ms
2018-08-01 12:02:39.383  INFO 8948 --- [localhost-startStop-1] o.s.b.w.servlet.ServletRegistrationBean  : Servlet dispatcherServlet mapped to [/]
2018-08-01 12:02:39.388  INFO 8948 --- [localhost-startStop-1] o.s.b.w.servlet.FilterRegistrationBean   : Mapping filter: 'characterEncodingFilter' to: [/*]
2018-08-01 12:02:39.388  INFO 8948 --- [localhost-startStop-1] o.s.b.w.servlet.FilterRegistrationBean   : Mapping filter: 'hiddenHttpMethodFilter' to: [/*]
2018-08-01 12:02:39.388  INFO 8948 --- [localhost-startStop-1] o.s.b.w.servlet.FilterRegistrationBean   : Mapping filter: 'httpPutFormContentFilter' to: [/*]
2018-08-01 12:02:39.388  INFO 8948 --- [localhost-startStop-1] o.s.b.w.servlet.FilterRegistrationBean   : Mapping filter: 'requestContextFilter' to: [/*]
2018-08-01 12:02:39.451  WARN 8948 --- [main] ConfigServletWebServerApplicationContext : Exception encountered during context initialization - cancelling refresh attempt: org.springframework.beans.factory.BeanCreationException: Error creating bean with name 'productController' defined in file [F:\idea\02-springboot-web\target\classes\com\test\springboot\springboot\controller\ProductController.class]: Instantiation of bean failed; nested exception is java.lang.ExceptionInInitializerError
2018-08-01 12:02:39.455  INFO 8948 --- [main] o.apache.catalina.core.StandardService   : Stopping service [Tomcat]
2018-08-01 12:02:39.491  INFO 8948 --- [main] ConditionEvaluationReportLoggingListener : 

Error starting ApplicationContext. To display the conditions report re-run your application with 'debug' enabled.
2018-08-01 12:02:39.504 ERROR 8948 --- [main] o.s.boot.SpringApplication               : Application run failed

org.springframework.beans.factory.BeanCreationException: Error creating bean with name 'productController' defined in file [F:\idea\02-springboot-web\target\classes\com\test\springboot\springboot\controller\ProductController.class]: Instantiation of bean failed; nested exception is java.lang.ExceptionInInitializerError
	at org.springframework.beans.factory.support.AbstractAutowireCapableBeanFactory.instantiateBean(AbstractAutowireCapableBeanFactory.java:1238) ~[spring-beans-5.0.7.RELEASE.jar:5.0.7.RELEASE]
	at org.springframework.beans.factory.support.AbstractAutowireCapableBeanFactory.createBeanInstance(AbstractAutowireCapableBeanFactory.java:1137) ~[spring-beans-5.0.7.RELEASE.jar:5.0.7.RELEASE]
	at org.springframework.beans.factory.support.AbstractAutowireCapableBeanFactory.doCreateBean(AbstractAutowireCapableBeanFactory.java:543) ~[spring-beans-5.0.7.RELEASE.jar:5.0.7.RELEASE]
	at org.springframework.beans.factory.support.AbstractAutowireCapableBeanFactory.createBean(AbstractAutowireCapableBeanFactory.java:503) ~[spring-beans-5.0.7.RELEASE.jar:5.0.7.RELEASE]
	at org.springframework.beans.factory.support.AbstractBeanFactory.lambda$doGetBean$0(AbstractBeanFactory.java:317) ~[spring-beans-5.0.7.RELEASE.jar:5.0.7.RELEASE]
	at org.springframework.beans.factory.support.DefaultSingletonBeanRegistry.getSingleton(DefaultSingletonBeanRegistry.java:222) ~[spring-beans-5.0.7.RELEASE.jar:5.0.7.RELEASE]
	at org.springframework.beans.factory.support.AbstractBeanFactory.doGetBean(AbstractBeanFactory.java:315) ~[spring-beans-5.0.7.RELEASE.jar:5.0.7.RELEASE]
	at org.springframework.beans.factory.support.AbstractBeanFactory.getBean(AbstractBeanFactory.java:199) ~[spring-beans-5.0.7.RELEASE.jar:5.0.7.RELEASE]
	at org.springframework.beans.factory.support.DefaultListableBeanFactory.preInstantiateSingletons(DefaultListableBeanFactory.java:760) ~[spring-beans-5.0.7.RELEASE.jar:5.0.7.RELEASE]
	at org.springframework.context.support.AbstractApplicationContext.finishBeanFactoryInitialization(AbstractApplicationContext.java:869) ~[spring-context-5.0.7.RELEASE.jar:5.0.7.RELEASE]
	at org.springframework.context.support.AbstractApplicationContext.refresh(AbstractApplicationContext.java:550) ~[spring-context-5.0.7.RELEASE.jar:5.0.7.RELEASE]
	at org.springframework.boot.web.servlet.context.ServletWebServerApplicationContext.refresh(ServletWebServerApplicationContext.java:140) ~[spring-boot-2.0.3.RELEASE.jar:2.0.3.RELEASE]
	at org.springframework.boot.SpringApplication.refresh(SpringApplication.java:759) [spring-boot-2.0.3.RELEASE.jar:2.0.3.RELEASE]
	at org.springframework.boot.SpringApplication.refreshContext(SpringApplication.java:395) [spring-boot-2.0.3.RELEASE.jar:2.0.3.RELEASE]
	at org.springframework.boot.SpringApplication.run(SpringApplication.java:327) [spring-boot-2.0.3.RELEASE.jar:2.0.3.RELEASE]
	at org.springframework.boot.SpringApplication.run(SpringApplication.java:1255) [spring-boot-2.0.3.RELEASE.jar:2.0.3.RELEASE]
	at org.springframework.boot.SpringApplication.run(SpringApplication.java:1243) [spring-boot-2.0.3.RELEASE.jar:2.0.3.RELEASE]
	at com.test.springboot.springboot.Application.main(Application.java:10) [classes/:na]
Caused by: java.lang.ExceptionInInitializerError: null
	at sun.reflect.NativeConstructorAccessorImpl.newInstance0(Native Method) ~[na:1.8.0_152]
	at sun.reflect.NativeConstructorAccessorImpl.newInstance(NativeConstructorAccessorImpl.java:62) ~[na:1.8.0_152]
	at sun.reflect.DelegatingConstructorAccessorImpl.newInstance(DelegatingConstructorAccessorImpl.java:45) ~[na:1.8.0_152]
	at java.lang.reflect.Constructor.newInstance(Constructor.java:423) ~[na:1.8.0_152]
	at org.springframework.beans.BeanUtils.instantiateClass(BeanUtils.java:170) ~[spring-beans-5.0.7.RELEASE.jar:5.0.7.RELEASE]
	at org.springframework.beans.factory.support.SimpleInstantiationStrategy.instantiate(SimpleInstantiationStrategy.java:87) ~[spring-beans-5.0.7.RELEASE.jar:5.0.7.RELEASE]
	at org.springframework.beans.factory.support.AbstractAutowireCapableBeanFactory.instantiateBean(AbstractAutowireCapableBeanFactory.java:1230) ~[spring-beans-5.0.7.RELEASE.jar:5.0.7.RELEASE]
	... 17 common frames omitted
Caused by: java.lang.ClassCastException: ch.qos.logback.classic.Logger cannot be cast to java.util.logging.Logger
	at com.test.springboot.springboot.controller.ProductController.<clinit>(ProductController.java:34) ~[classes/:na]
	... 24 common frames omitted

2018-08-01 12:03:30.183  INFO 10184 --- [main] c.t.springboot.springboot.Application    : Starting Application on ca-PC with PID 10184 (F:\idea\02-springboot-web\target\classes started by ca in F:\idea\02-springboot-web)
2018-08-01 12:03:30.187  INFO 10184 --- [main] c.t.springboot.springboot.Application    : The following profiles are active: dev
2018-08-01 12:03:30.263  INFO 10184 --- [main] ConfigServletWebServerApplicationContext : Refreshing org.springframework.boot.web.servlet.context.AnnotationConfigServletWebServerApplicationContext@4135c3b: startup date [Wed Aug 01 12:03:30 CST 2018]; root of context hierarchy
2018-08-01 12:03:32.070  INFO 10184 --- [main] o.s.b.w.embedded.tomcat.TomcatWebServer  : Tomcat initialized with port(s): 8081 (http)
2018-08-01 12:03:32.106  INFO 10184 --- [main] o.apache.catalina.core.StandardService   : Starting service [Tomcat]
2018-08-01 12:03:32.107  INFO 10184 --- [main] org.apache.catalina.core.StandardEngine  : Starting Servlet Engine: Apache Tomcat/8.5.31
2018-08-01 12:03:32.112  INFO 10184 --- [localhost-startStop-1] o.a.catalina.core.AprLifecycleListener   : The APR based Apache Tomcat Native library which allows optimal performance in production environments was not found on the java.library.path: [H:\erwin\jdk\jdk1.8\bin;C:\Windows\Sun\Java\bin;C:\Windows\system32;C:\Windows;H:\erwin\jdk\jdk1.8\bin;H:\erwin\jdk\jdk1.8\jre\bin;F:\Oracle\app\ca\product\11.2.0\dbhome_3\bin;C:\ProgramData\Oracle\Java\javapath;C:\Windows\system32;C:\Windows;C:\Windows\System32\Wbem;C:\Windows\System32\WindowsPowerShell\v1.0\;C:\Program Files\Microsoft SQL Server\110\Tools\Binn\;C:\Program Files (x86)\NVIDIA Corporation\PhysX\Common;F:\SDK\platform-tools;F:\SDK\tools;%JBOSS_HOME%\bin;C:\Program Files\Lenovo\Bluetooth Software\;C:\Program Files\Lenovo\Bluetooth Software\syswow64;C:\Users\ca\Desktop\rose_iso\common;F:\MongoDB\bin;F:\Maven\apache-maven-3.3.9\bin;F:\svn Server\bin;F:\TortoiseSVN\bin;C:\Program Files (x86)\Skype\Phone\;F:\appserv\Apache2.2\bin;F:\appserv\php5;F:\appserv\MySQL\bin;.]
2018-08-01 12:03:32.667  INFO 10184 --- [localhost-startStop-1] org.apache.jasper.servlet.TldScanner     : At least one JAR was scanned for TLDs yet contained no TLDs. Enable debug logging for this logger for a complete list of JARs that were scanned but no TLDs were found in them. Skipping unneeded JARs during scanning can improve startup time and JSP compilation time.
2018-08-01 12:03:32.672  INFO 10184 --- [localhost-startStop-1] o.a.c.c.C.[Tomcat].[localhost].[/test]   : Initializing Spring embedded WebApplicationContext
2018-08-01 12:03:32.672  INFO 10184 --- [localhost-startStop-1] o.s.web.context.ContextLoader            : Root WebApplicationContext: initialization completed in 2409 ms
2018-08-01 12:03:32.900  INFO 10184 --- [localhost-startStop-1] o.s.b.w.servlet.ServletRegistrationBean  : Servlet dispatcherServlet mapped to [/]
2018-08-01 12:03:32.911  INFO 10184 --- [localhost-startStop-1] o.s.b.w.servlet.FilterRegistrationBean   : Mapping filter: 'characterEncodingFilter' to: [/*]
2018-08-01 12:03:32.913  INFO 10184 --- [localhost-startStop-1] o.s.b.w.servlet.FilterRegistrationBean   : Mapping filter: 'hiddenHttpMethodFilter' to: [/*]
2018-08-01 12:03:32.913  INFO 10184 --- [localhost-startStop-1] o.s.b.w.servlet.FilterRegistrationBean   : Mapping filter: 'httpPutFormContentFilter' to: [/*]
2018-08-01 12:03:32.913  INFO 10184 --- [localhost-startStop-1] o.s.b.w.servlet.FilterRegistrationBean   : Mapping filter: 'requestContextFilter' to: [/*]
2018-08-01 12:03:32.970  WARN 10184 --- [main] ConfigServletWebServerApplicationContext : Exception encountered during context initialization - cancelling refresh attempt: org.springframework.beans.factory.BeanCreationException: Error creating bean with name 'productController' defined in file [F:\idea\02-springboot-web\target\classes\com\test\springboot\springboot\controller\ProductController.class]: Instantiation of bean failed; nested exception is java.lang.ExceptionInInitializerError
2018-08-01 12:03:32.981  INFO 10184 --- [main] o.apache.catalina.core.StandardService   : Stopping service [Tomcat]
2018-08-01 12:03:33.003  INFO 10184 --- [main] ConditionEvaluationReportLoggingListener : 

Error starting ApplicationContext. To display the conditions report re-run your application with 'debug' enabled.
2018-08-01 12:03:33.019 ERROR 10184 --- [main] o.s.boot.SpringApplication               : Application run failed

org.springframework.beans.factory.BeanCreationException: Error creating bean with name 'productController' defined in file [F:\idea\02-springboot-web\target\classes\com\test\springboot\springboot\controller\ProductController.class]: Instantiation of bean failed; nested exception is java.lang.ExceptionInInitializerError
	at org.springframework.beans.factory.support.AbstractAutowireCapableBeanFactory.instantiateBean(AbstractAutowireCapableBeanFactory.java:1238) ~[spring-beans-5.0.7.RELEASE.jar:5.0.7.RELEASE]
	at org.springframework.beans.factory.support.AbstractAutowireCapableBeanFactory.createBeanInstance(AbstractAutowireCapableBeanFactory.java:1137) ~[spring-beans-5.0.7.RELEASE.jar:5.0.7.RELEASE]
	at org.springframework.beans.factory.support.AbstractAutowireCapableBeanFactory.doCreateBean(AbstractAutowireCapableBeanFactory.java:543) ~[spring-beans-5.0.7.RELEASE.jar:5.0.7.RELEASE]
	at org.springframework.beans.factory.support.AbstractAutowireCapableBeanFactory.createBean(AbstractAutowireCapableBeanFactory.java:503) ~[spring-beans-5.0.7.RELEASE.jar:5.0.7.RELEASE]
	at org.springframework.beans.factory.support.AbstractBeanFactory.lambda$doGetBean$0(AbstractBeanFactory.java:317) ~[spring-beans-5.0.7.RELEASE.jar:5.0.7.RELEASE]
	at org.springframework.beans.factory.support.DefaultSingletonBeanRegistry.getSingleton(DefaultSingletonBeanRegistry.java:222) ~[spring-beans-5.0.7.RELEASE.jar:5.0.7.RELEASE]
	at org.springframework.beans.factory.support.AbstractBeanFactory.doGetBean(AbstractBeanFactory.java:315) ~[spring-beans-5.0.7.RELEASE.jar:5.0.7.RELEASE]
	at org.springframework.beans.factory.support.AbstractBeanFactory.getBean(AbstractBeanFactory.java:199) ~[spring-beans-5.0.7.RELEASE.jar:5.0.7.RELEASE]
	at org.springframework.beans.factory.support.DefaultListableBeanFactory.preInstantiateSingletons(DefaultListableBeanFactory.java:760) ~[spring-beans-5.0.7.RELEASE.jar:5.0.7.RELEASE]
	at org.springframework.context.support.AbstractApplicationContext.finishBeanFactoryInitialization(AbstractApplicationContext.java:869) ~[spring-context-5.0.7.RELEASE.jar:5.0.7.RELEASE]
	at org.springframework.context.support.AbstractApplicationContext.refresh(AbstractApplicationContext.java:550) ~[spring-context-5.0.7.RELEASE.jar:5.0.7.RELEASE]
	at org.springframework.boot.web.servlet.context.ServletWebServerApplicationContext.refresh(ServletWebServerApplicationContext.java:140) ~[spring-boot-2.0.3.RELEASE.jar:2.0.3.RELEASE]
	at org.springframework.boot.SpringApplication.refresh(SpringApplication.java:759) [spring-boot-2.0.3.RELEASE.jar:2.0.3.RELEASE]
	at org.springframework.boot.SpringApplication.refreshContext(SpringApplication.java:395) [spring-boot-2.0.3.RELEASE.jar:2.0.3.RELEASE]
	at org.springframework.boot.SpringApplication.run(SpringApplication.java:327) [spring-boot-2.0.3.RELEASE.jar:2.0.3.RELEASE]
	at org.springframework.boot.SpringApplication.run(SpringApplication.java:1255) [spring-boot-2.0.3.RELEASE.jar:2.0.3.RELEASE]
	at org.springframework.boot.SpringApplication.run(SpringApplication.java:1243) [spring-boot-2.0.3.RELEASE.jar:2.0.3.RELEASE]
	at com.test.springboot.springboot.Application.main(Application.java:10) [classes/:na]
Caused by: java.lang.ExceptionInInitializerError: null
	at sun.reflect.NativeConstructorAccessorImpl.newInstance0(Native Method) ~[na:1.8.0_152]
	at sun.reflect.NativeConstructorAccessorImpl.newInstance(NativeConstructorAccessorImpl.java:62) ~[na:1.8.0_152]
	at sun.reflect.DelegatingConstructorAccessorImpl.newInstance(DelegatingConstructorAccessorImpl.java:45) ~[na:1.8.0_152]
	at java.lang.reflect.Constructor.newInstance(Constructor.java:423) ~[na:1.8.0_152]
	at org.springframework.beans.BeanUtils.instantiateClass(BeanUtils.java:170) ~[spring-beans-5.0.7.RELEASE.jar:5.0.7.RELEASE]
	at org.springframework.beans.factory.support.SimpleInstantiationStrategy.instantiate(SimpleInstantiationStrategy.java:87) ~[spring-beans-5.0.7.RELEASE.jar:5.0.7.RELEASE]
	at org.springframework.beans.factory.support.AbstractAutowireCapableBeanFactory.instantiateBean(AbstractAutowireCapableBeanFactory.java:1230) ~[spring-beans-5.0.7.RELEASE.jar:5.0.7.RELEASE]
	... 17 common frames omitted
Caused by: java.lang.ClassCastException: ch.qos.logback.classic.Logger cannot be cast to java.util.logging.Logger
	at com.test.springboot.springboot.controller.ProductController.<clinit>(ProductController.java:34) ~[classes/:na]
	... 24 common frames omitted

2018-08-01 12:04:08.312  INFO 7840 --- [main] c.t.springboot.springboot.Application    : Starting Application on ca-PC with PID 7840 (F:\idea\02-springboot-web\target\classes started by ca in F:\idea\02-springboot-web)
2018-08-01 12:04:08.320  INFO 7840 --- [main] c.t.springboot.springboot.Application    : The following profiles are active: dev
2018-08-01 12:04:08.442  INFO 7840 --- [main] ConfigServletWebServerApplicationContext : Refreshing org.springframework.boot.web.servlet.context.AnnotationConfigServletWebServerApplicationContext@6302bbb1: startup date [Wed Aug 01 12:04:08 CST 2018]; root of context hierarchy
2018-08-01 12:04:10.435  INFO 7840 --- [main] o.s.b.w.embedded.tomcat.TomcatWebServer  : Tomcat initialized with port(s): 8081 (http)
2018-08-01 12:04:10.467  INFO 7840 --- [main] o.apache.catalina.core.StandardService   : Starting service [Tomcat]
2018-08-01 12:04:10.468  INFO 7840 --- [main] org.apache.catalina.core.StandardEngine  : Starting Servlet Engine: Apache Tomcat/8.5.31
2018-08-01 12:04:10.476  INFO 7840 --- [localhost-startStop-1] o.a.catalina.core.AprLifecycleListener   : The APR based Apache Tomcat Native library which allows optimal performance in production environments was not found on the java.library.path: [H:\erwin\jdk\jdk1.8\bin;C:\Windows\Sun\Java\bin;C:\Windows\system32;C:\Windows;H:\erwin\jdk\jdk1.8\bin;H:\erwin\jdk\jdk1.8\jre\bin;F:\Oracle\app\ca\product\11.2.0\dbhome_3\bin;C:\ProgramData\Oracle\Java\javapath;C:\Windows\system32;C:\Windows;C:\Windows\System32\Wbem;C:\Windows\System32\WindowsPowerShell\v1.0\;C:\Program Files\Microsoft SQL Server\110\Tools\Binn\;C:\Program Files (x86)\NVIDIA Corporation\PhysX\Common;F:\SDK\platform-tools;F:\SDK\tools;%JBOSS_HOME%\bin;C:\Program Files\Lenovo\Bluetooth Software\;C:\Program Files\Lenovo\Bluetooth Software\syswow64;C:\Users\ca\Desktop\rose_iso\common;F:\MongoDB\bin;F:\Maven\apache-maven-3.3.9\bin;F:\svn Server\bin;F:\TortoiseSVN\bin;C:\Program Files (x86)\Skype\Phone\;F:\appserv\Apache2.2\bin;F:\appserv\php5;F:\appserv\MySQL\bin;.]
2018-08-01 12:04:11.047  INFO 7840 --- [localhost-startStop-1] org.apache.jasper.servlet.TldScanner     : At least one JAR was scanned for TLDs yet contained no TLDs. Enable debug logging for this logger for a complete list of JARs that were scanned but no TLDs were found in them. Skipping unneeded JARs during scanning can improve startup time and JSP compilation time.
2018-08-01 12:04:11.051  INFO 7840 --- [localhost-startStop-1] o.a.c.c.C.[Tomcat].[localhost].[/test]   : Initializing Spring embedded WebApplicationContext
2018-08-01 12:04:11.052  INFO 7840 --- [localhost-startStop-1] o.s.web.context.ContextLoader            : Root WebApplicationContext: initialization completed in 2610 ms
2018-08-01 12:04:11.267  INFO 7840 --- [localhost-startStop-1] o.s.b.w.servlet.ServletRegistrationBean  : Servlet dispatcherServlet mapped to [/]
2018-08-01 12:04:11.274  INFO 7840 --- [localhost-startStop-1] o.s.b.w.servlet.FilterRegistrationBean   : Mapping filter: 'characterEncodingFilter' to: [/*]
2018-08-01 12:04:11.278  INFO 7840 --- [localhost-startStop-1] o.s.b.w.servlet.FilterRegistrationBean   : Mapping filter: 'hiddenHttpMethodFilter' to: [/*]
2018-08-01 12:04:11.278  INFO 7840 --- [localhost-startStop-1] o.s.b.w.servlet.FilterRegistrationBean   : Mapping filter: 'httpPutFormContentFilter' to: [/*]
2018-08-01 12:04:11.278  INFO 7840 --- [localhost-startStop-1] o.s.b.w.servlet.FilterRegistrationBean   : Mapping filter: 'requestContextFilter' to: [/*]
2018-08-01 12:04:11.502  INFO 7840 --- [main] o.s.w.s.handler.SimpleUrlHandlerMapping  : Mapped URL path [/**/favicon.ico] onto handler of type [class org.springframework.web.servlet.resource.ResourceHttpRequestHandler]
2018-08-01 12:04:11.807  INFO 7840 --- [main] s.w.s.m.m.a.RequestMappingHandlerAdapter : Looking for @ControllerAdvice: org.springframework.boot.web.servlet.context.AnnotationConfigServletWebServerApplicationContext@6302bbb1: startup date [Wed Aug 01 12:04:08 CST 2018]; root of context hierarchy
2018-08-01 12:04:11.897  INFO 7840 --- [main] s.w.s.m.m.a.RequestMappingHandlerMapping : Mapped "{[],methods=[GET]}" onto public java.lang.String com.test.springboot.springboot.controller.GreetingController.greeting3(java.lang.String)
2018-08-01 12:04:11.898  INFO 7840 --- [main] s.w.s.m.m.a.RequestMappingHandlerMapping : Mapped "{[/greeting],methods=[GET]}" onto public com.test.springboot.springboot.pojo.Greeting com.test.springboot.springboot.controller.GreetingController.greeting(java.lang.String)
2018-08-01 12:04:11.899  INFO 7840 --- [main] s.w.s.m.m.a.RequestMappingHandlerMapping : Mapped "{[],methods=[PUT]}" onto public java.lang.String com.test.springboot.springboot.controller.GreetingController.greeting4(java.lang.String)
2018-08-01 12:04:11.900  INFO 7840 --- [main] s.w.s.m.m.a.RequestMappingHandlerMapping : Mapped "{[/greeting2],methods=[POST]}" onto public java.lang.String com.test.springboot.springboot.controller.GreetingController.greeting2(java.lang.String)
2018-08-01 12:04:11.900  INFO 7840 --- [main] s.w.s.m.m.a.RequestMappingHandlerMapping : Mapped "{[],methods=[DELETE]}" onto public java.lang.String com.test.springboot.springboot.controller.GreetingController.greeting5(java.lang.String)
2018-08-01 12:04:11.903  INFO 7840 --- [main] s.w.s.m.m.a.RequestMappingHandlerMapping : Mapped "{[/producttest],methods=[GET],produces=[application/json;charset=utf-8]}" onto public com.test.springboot.springboot.pojo.Order com.test.springboot.springboot.controller.ProductController.test1()
2018-08-01 12:04:11.907  INFO 7840 --- [main] s.w.s.m.m.a.RequestMappingHandlerMapping : Mapped "{[/error]}" onto public org.springframework.http.ResponseEntity<java.util.Map<java.lang.String, java.lang.Object>> org.springframework.boot.autoconfigure.web.servlet.error.BasicErrorController.error(javax.servlet.http.HttpServletRequest)
2018-08-01 12:04:11.908  INFO 7840 --- [main] s.w.s.m.m.a.RequestMappingHandlerMapping : Mapped "{[/error],produces=[text/html]}" onto public org.springframework.web.servlet.ModelAndView org.springframework.boot.autoconfigure.web.servlet.error.BasicErrorController.errorHtml(javax.servlet.http.HttpServletRequest,javax.servlet.http.HttpServletResponse)
2018-08-01 12:04:11.943  INFO 7840 --- [main] o.s.w.s.handler.SimpleUrlHandlerMapping  : Mapped URL path [/webjars/**] onto handler of type [class org.springframework.web.servlet.resource.ResourceHttpRequestHandler]
2018-08-01 12:04:11.947  INFO 7840 --- [main] o.s.w.s.handler.SimpleUrlHandlerMapping  : Mapped URL path [/**] onto handler of type [class org.springframework.web.servlet.resource.ResourceHttpRequestHandler]
2018-08-01 12:04:12.028  WARN 7840 --- [main] ion$DefaultTemplateResolverConfiguration : Cannot find template location: classpath:/templates/ (please add some templates or check your Thymeleaf configuration)
2018-08-01 12:04:12.428  INFO 7840 --- [main] o.s.j.e.a.AnnotationMBeanExporter        : Registering beans for JMX exposure on startup
2018-08-01 12:04:12.563  INFO 7840 --- [main] o.s.b.w.embedded.tomcat.TomcatWebServer  : Tomcat started on port(s): 8081 (http) with context path '/test'
2018-08-01 12:04:12.569  INFO 7840 --- [main] c.t.springboot.springboot.Application    : Started Application in 5.031 seconds (JVM running for 7.787)
